[33mÔØ»[39m Building...
[32mÔ£ö[39m Building...
[1mInitial chunk files[22m[2m | [22m[1mNames[22m                     [2m | [22m [1mRaw size[22m
[32mchunk-UBH46ON3.js[39m  [2m | [22m[2m-[22m                         [2m | [22m[36m856.55 kB[39m[2m | [22m
[32mchunk-NAGM42TY.js[39m  [2m | [22m[2m-[22m                         [2m | [22m[36m257.72 kB[39m[2m | [22m
[32mchunk-4POBQW43.js[39m  [2m | [22m[2m-[22m                         [2m | [22m[36m166.78 kB[39m[2m | [22m
[32mchunk-THFKXVDR.js[39m  [2m | [22m[2m-[22m                         [2m | [22m [36m79.27 kB[39m[2m | [22m
[32mmain.js[39m            [2m | [22m[2mmain[22m                      [2m | [22m [36m17.39 kB[39m[2m | [22m
[32mchunk-YLHYPACM.js[39m  [2m | [22m[2m-[22m                         [2m | [22m [36m11.12 kB[39m[2m | [22m
[32mstyles.css[39m         [2m | [22m[2mstyles[22m                    [2m | [22m  [36m4.17 kB[39m[2m | [22m
[32mchunk-7Z66K6YF.js[39m  [2m | [22m[2m-[22m                         [2m | [22m  [36m2.52 kB[39m[2m | [22m
[32mchunk-GOMI4DH3.js[39m  [2m | [22m[2m-[22m                         [2m | [22m  [36m1.37 kB[39m[2m | [22m
[32mchunk-L5XDEHRC.js[39m  [2m | [22m[2m-[22m                         [2m | [22m[36m699 bytes[39m[2m | [22m

[1m [22m                  [2m | [22m[1mInitial total[22m             [2m | [22m  [1m1.40 MB[22m

[1mLazy chunk files[22m   [2m | [22m[1mNames[22m                     [2m | [22m [1mRaw size[22m
[32mchunk-ZPEC5Q7M.js[39m  [2m | [22m[2mbrowser[22m                   [2m | [22m[36m153.78 kB[39m[2m | [22m
[32mchunk-M23ECLO2.js[39m  [2m | [22m[2m-[22m                         [2m | [22m[36m152.04 kB[39m[2m | [22m
[32mchunk-BW7U3E7S.js[39m  [2m | [22m[2mcupones-admin-component[22m   [2m | [22m[36m118.81 kB[39m[2m | [22m
[32mchunk-UYAVLXMH.js[39m  [2m | [22m[2musuarios-component[22m        [2m | [22m [36m85.11 kB[39m[2m | [22m
[32mchunk-O767O5OF.js[39m  [2m | [22m[2mreportes-component[22m        [2m | [22m [36m76.05 kB[39m[2m | [22m
[32mchunk-4GF664PD.js[39m  [2m | [22m[2mproductos-admin-component[22m [2m | [22m [36m74.67 kB[39m[2m | [22m
[32mchunk-LICIZ4ZL.js[39m  [2m | [22m[2mestadisticas-component[22m    [2m | [22m [36m59.68 kB[39m[2m | [22m
[32mchunk-5A6OD24M.js[39m  [2m | [22m[2mofertas-admin-component[22m   [2m | [22m [36m59.15 kB[39m[2m | [22m
[32mchunk-6YAINJUZ.js[39m  [2m | [22m[2mvehiculos-admin-component[22m [2m | [22m [36m56.84 kB[39m[2m | [22m
[32mchunk-BWPBPBGB.js[39m  [2m | [22m[2mdevoluciones-component[22m    [2m | [22m [36m54.90 kB[39m[2m | [22m
[32mchunk-MWWJBNUT.js[39m  [2m | [22m[2mdashboard-component[22m       [2m | [22m [36m45.48 kB[39m[2m | [22m
[32mchunk-7HCDUW2Q.js[39m  [2m | [22m[2mcategorias-admin-component[22m[2m | [22m [36m44.75 kB[39m[2m | [22m
[32mchunk-S7V2GN2J.js[39m  [2m | [22m[2madmin-layout-component[22m    [2m | [22m [36m34.51 kB[39m[2m | [22m
[32mchunk-QP34VVWF.js[39m  [2m | [22m[2mseguridad-component[22m       [2m | [22m [36m29.32 kB[39m[2m | [22m
[32mchunk-LLHODWNV.js[39m  [2m | [22m[2msanciones-component[22m       [2m | [22m [36m28.88 kB[39m[2m | [22m
[2m...and 12 more lazy chunks files. Use "--verbose" to show all the files.[22m

Application bundle generation complete. [6.559 seconds] - 2026-03-27T13:49:08.134Z

Output location: C:\Users\josem\Documents\GitHub\nexus\nexus-admin-web-app\dist\frontend-admin

